
Running 2 tests using 2 workers

[1A[2K[1/2] [chromium] ΓÇ║ e2e\teacher\dashboard.spec.ts:9:3 ΓÇ║ Teacher Dashboard ΓÇ║ Render ─æß╗º c├íc thß║╗ thß╗æng k├¬ v├á UI elements
[1A[2K[2/2] [chromium] ΓÇ║ e2e\teacher\library.spec.ts:16:3 ΓÇ║ Teacher Library (Kho T├íc phß║⌐m) ΓÇ║ Th├¬m t├íc phß║⌐m mß╗¢i v├á kiß╗âm tra CSDL
node.exe : 
[1A[2K[chromium] ΓÇ║ 
e2e\teacher\library.spe
c.ts:16:3 ΓÇ║ Teacher 
Library (Kho T├íc 
phß║⌐m) ΓÇ║ Th├¬m t├íc 
phß║⌐m mß╗¢i v├á 
kiß╗âm tra CSDL
At line:1 char:1
+ & "C:\Program 
Files\nodejs/node.exe" 
"C:\Program 
Files\nodejs/node_mo 
...
+ ~~~~~~~~~~~~~~~~~~~~~
~~~~~~~~~~~~~~~~~~~~~~~
~~~~~~~~~~~~~~~~~~~~~~~
~~
    + CategoryInfo     
         : NotSpecifi  
  ed: ([1A[2K[chro   
 mi...kiß╗âm tra CS    
DL:String) [], Rem    
oteException
    + FullyQualifiedEr 
   rorId : NativeComm  
  andError
 

D1 Query Error: 
__dirname is not 
defined
[1A[2K  1) [chromium] ΓÇ║ e2e\teacher\dashboard.spec.ts:9:3 ΓÇ║ Teacher Dashboard ΓÇ║ Render ─æß╗º c├íc thß║╗ thß╗æng k├¬ v├á UI elements 

    Error: [2mexpect([22m[31mlocator[39m[2m).[22mtoBeVisible[2m([22m[2m)[22m failed

    Locator: locator('text=Ch├áo mß╗½ng trß╗ƒ lß║íi')
    Expected: visible
    Timeout: 10000ms
    Error: element(s) not found

    Call log:
    [2m  - Expect "toBeVisible" with timeout 10000ms[22m
    [2m  - waiting for locator('text=Ch├áo mß╗½ng trß╗ƒ lß║íi')[22m


       at utils\auth.ts:7

       5 |   
       6 |   // Wait for the login page to load
    >  7 |   await expect(page.locator('text=Ch├áo mß╗½ng trß╗ƒ lß║íi')).toBeVisible();
         |                                                        ^
       8 |
       9 |   // Determine which credentials to use based on role
      10 |   const email = role === 'teacher' ? 'teacher@vanhien.edu.vn' : 'student@vanhien.edu.vn';
        at loginAs (P:\literature_platform\e2e\utils\auth.ts:7:56)
        at P:\literature_platform\e2e\teacher\dashboard.spec.ts:6:5

    Error Context: test-results\teacher-dashboard-Teacher--46ec4-thß║╗-thß╗æng-k├¬-v├á-UI-elements-chromium\error-context.md


[1A[2K  2) [chromium] ΓÇ║ e2e\teacher\library.spec.ts:16:3 ΓÇ║ Teacher Library (Kho T├íc phß║⌐m) ΓÇ║ Th├¬m t├íc phß║⌐m mß╗¢i v├á kiß╗âm tra CSDL 

    Error: [2mexpect([22m[31mlocator[39m[2m).[22mtoBeVisible[2m([22m[2m)[22m failed

    Locator: locator('text=Ch├áo mß╗½ng trß╗ƒ lß║íi')
    Expected: visible
    Timeout: 10000ms
    Error: element(s) not found

    Call log:
    [2m  - Expect "toBeVisible" with timeout 10000ms[22m
    [2m  - waiting for locator('text=Ch├áo mß╗½ng trß╗ƒ lß║íi')[22m


       at utils\auth.ts:7

       5 |   
       6 |   // Wait for the login page to load
    >  7 |   await expect(page.locator('text=Ch├áo mß╗½ng trß╗ƒ lß║íi')).toBeVisible();
         |                                                        ^
       8 |
       9 |   // Determine which credentials to use based on role
      10 |   const email = role === 'teacher' ? 'teacher@vanhien.edu.vn' : 'student@vanhien.edu.vn';
        at loginAs (P:\literature_platform\e2e\utils\auth.ts:7:56)
        at P:\literature_platform\e2e\teacher\library.spec.ts:9:5

    ReferenceError: __dirname is not defined

       at utils\db.ts:7

       5 | export function executeD1Query(query: string) {
       6 |   try {
    >  7 |     const projectRoot = path.resolve(__dirname, "../../");
         |                                      ^
       8 |     // Run wrangler d1 execute on the vanhien-db (Production)
       9 |     const stdout = execSync(
      10 |       `npx wrangler d1 execute vanhien-db --remote --json --command="${query}"`,
        at executeD1Query (P:\literature_platform\e2e\utils\db.ts:7:38)
        at cleanupTestData (P:\literature_platform\e2e\utils\db.ts:40:5)
        at P:\literature_platform\e2e\teacher\library.spec.ts:13:5

    Error Context: test-results\teacher-library-Teacher-Li-86ce3-c-phß║⌐m-mß╗¢i-v├á-kiß╗âm-tra-CSDL-chromium\error-context.md


[1A[2K  2 failed
    [chromium] ΓÇ║ e2e\teacher\dashboard.spec.ts:9:3 ΓÇ║ Teacher Dashboard ΓÇ║ Render ─æß╗º c├íc thß║╗ thß╗æng k├¬ v├á UI elements 
    [chromium] ΓÇ║ e2e\teacher\library.spec.ts:16:3 ΓÇ║ Teacher Library (Kho T├íc phß║⌐m) ΓÇ║ Th├¬m t├íc phß║⌐m mß╗¢i v├á kiß╗âm tra CSDL 

[36m  Serving HTML report at http://localhost:54421. Press Ctrl+C to quit.[39m
